[bocagesaintlouis.fr/index.html]
[backblue.gif]
[fade.gif]
[index.html]
[bocagesaintlouis.fr/wp-content/uploads/2013/04/archeval_opt.png]
[www.bocagesaintlouis.fr/wp-content/uploads/2013/01/leParc-300x224.jpg]
[bocagesaintlouis.fr/wp-content/themes/consultant/styled03b.css]
[bocagesaintlouis.fr/wp-content/themes/consultant/noscriptd03b.css]
[bocagesaintlouis.fr/wp-content/themes/consultant/prettyPhotod03b.css]
[bocagesaintlouis.fr/wp-content/themes/consultant/jCarouseld03b.css]
[bocagesaintlouis.fr/feed/index.html]
[bocagesaintlouis.fr/wp-content/themes/consultant/skitterd03b.css]
[bocagesaintlouis.fr/wp-includes/css/dist/block-library/style.mind03b.css]
[bocagesaintlouis.fr/wp-content/plugins/contact-form-7/includes/css/stylesbb49.css]
[bocagesaintlouis.fr/wp-content/themes/consultant/js/jquery-1.6.4.min2745.js]
[bocagesaintlouis.fr/comments/feed/index.html]
[bocagesaintlouis.fr/wp-content/themes/consultant/js/jquery.prettyPhotod03b.js]
[bocagesaintlouis.fr/wp-content/themes/consultant/js/ts-portfolio-faded03b.js]
[bocagesaintlouis.fr/accueil/feed/index.html]
[bocagesaintlouis.fr/wp-content/themes/consultant/js/jquery.cycle.all.mind03b.js]
[bocagesaintlouis.fr/wp-content/themes/consultant/js/jquery.easing.1.3d03b.js]
[bocagesaintlouis.fr/wp-content/themes/consultant/js/quicksandd03b.js]
[bocagesaintlouis.fr/wp-content/themes/consultant/js/quicksand_configd03b.js]
[bocagesaintlouis.fr/wp-content/themes/consultant/js/jquery.twitterd03b.js]
[bocagesaintlouis.fr/wp-content/themes/consultant/js/hoverIntentd03b.js]
[bocagesaintlouis.fr/wp-content/themes/consultant/js/superfishd03b.js]
[bocagesaintlouis.fr/wp-content/themes/consultant/js/supersubsd03b.js]
[bocagesaintlouis.fr/wp-content/themes/consultant/js/jquery.jcarousel.mind03b.js]
[bocagesaintlouis.fr/wp-json/wp/v2/pages/17.json]
[bocagesaintlouis.fr/wp-json/index.html]
[bocagesaintlouis.fr/xmlrpc0db0.php]
[bocagesaintlouis.fr/wp-includes/wlwmanifest.xml]
[bocagesaintlouis.fr/wp-json/oembed/1.0/embed83f0.json]
[bocagesaintlouis.fr/wp-json/oembed/1.0/embed3ad6]
[bocagesaintlouis.fr/cdn-cgi/l/email-protection.html]
[bocagesaintlouis.fr/wp-content/uploads/2019/11/bocage_plaquette.pdf]
[bocagesaintlouis.fr/_tel_+33241513355/index.html]
[bocagesaintlouis.fr/wp-content/uploads/2020/05/tarifs_locataire_2020_2eme_semestre.pdf]
[bocagesaintlouis.fr/wp-content/uploads/2020/10/a_vendre_ou_a_louer.pdf]
[bocagesaintlouis.fr/plans-des-appartements/index.html]
[bocagesaintlouis.fr/wp-content/uploads/2012/12/DSC_7406-panoramique-1000x340.jpg]
[bocagesaintlouis.fr/la-residence/index.html]
[bocagesaintlouis.fr/wp-content/uploads/2012/10/PANO_SAUMUR_JOUR-1000x340.jpg]
[bocagesaintlouis.fr/wp-content/uploads/2012/10/PANO_RESIDENCE_COURT-1000x340.jpg]
[bocagesaintlouis.fr/wp-content/uploads/2012/10/PANO_SAUMUR_NUIT-1000x340.jpg]
[bocagesaintlouis.fr/les-prestations/index.html]
[bocagesaintlouis.fr/wp-content/uploads/2015/08/saumur_rue_parapluie-1000x340.jpg]
[bocagesaintlouis.fr/wp-content/uploads/2019/11/accueil_r_2019-1000x340.jpg]
[bocagesaintlouis.fr/les-tarifs/index.html]
[bocagesaintlouis.fr/lesannonces/index.html]
[bocagesaintlouis.fr/saumur-perle-de-lanjou/index.html]
[www.bocagesaintlouis.fr/wp-content/uploads/2013/01/leParc.jpg]
[bocagesaintlouis.fr/a-propos/index.html]
[bocagesaintlouis.fr/les-nouvelles/index.html]
[www.bocagesaintlouis.fr/wp-content/uploads/2012/10/PANO_RESIDENCE_COURT.jpg]
[www.bocagesaintlouis.fr/wp-content/uploads/2012/10/PANO_RESIDENCE_COURT-300x139.jpg]
[www.bocagesaintlouis.fr/wp-content/uploads/2012/12/BibliotheqeJeux.jpg]
[www.bocagesaintlouis.fr/wp-content/uploads/2012/12/BibliotheqeJeux-300x199.jpg]
[www.bocagesaintlouis.fr/wp-content/uploads/2012/12/chambreInvite.jpg]
[www.bocagesaintlouis.fr/wp-content/uploads/2012/12/chambreInvite-300x199.jpg]
[bocagesaintlouis.fr/wp-content/uploads/2015/06/tarifs_sejour_essai_2015_sem2.pdf]
[www.bocagesaintlouis.fr/wp-content/uploads/2012/12/logo-cadre-noir.jpg]
[www.bocagesaintlouis.fr/wp-content/uploads/2012/12/logo-courrier-de-louest.jpg]
[www.bocagesaintlouis.fr/wp-content/uploads/2012/12/logo-ville-saumur.jpg]
[www.bocagesaintlouis.fr/wp-content/uploads/2012/12/logo-saumur-agglo.jpg]
[www.bocagesaintlouis.fr/wp-content/uploads/2012/12/logo-office-de-tourisme.jpg]
[www.bocagesaintlouis.fr/wp-content/uploads/2013/01/vins-de-loire.jpg]
[bocagesaintlouis.fr/cdn-cgi/scripts/5c5dd728/cloudflare-static/email-decode.min.js]
[www.google-analytics.com/analytics.js]
[bocagesaintlouis.fr/wp-content/themes/consultant/js/jquery.skitterd03b.js]
[bocagesaintlouis.fr/wp-includes/js/comment-reply.mind03b.js]
[bocagesaintlouis.fr/wp-content/plugins/contact-form-7/includes/js/scriptsbb49.js]
[bocagesaintlouis.fr/index.html]
[bocagesaintlouis.fr/wp-includes/js/wp-embed.mind03b.js]
[bocagesaintlouis.fr/xmlrpc.php]
[bocagesaintlouis.fr/wp-content/themes/consultant/fonts/DroidSans-webfont.eot]
[bocagesaintlouis.fr/wp-content/themes/consultant/fonts/DroidSans-webfontd41d.eot]
[bocagesaintlouis.fr/wp-content/themes/consultant/fonts/DroidSans-webfont.woff]
[bocagesaintlouis.fr/wp-content/themes/consultant/fonts/DroidSans-webfont.svg]
[bocagesaintlouis.fr/wp-content/themes/consultant/fonts/DroidSans-Bold-webfont.eot]
[bocagesaintlouis.fr/wp-content/themes/consultant/fonts/DroidSans-Bold-webfontd41d.eot]
[bocagesaintlouis.fr/wp-content/themes/consultant/fonts/DroidSans-Bold-webfont.woff]
[bocagesaintlouis.fr/wp-content/themes/consultant/fonts/DroidSans-Bold-webfont.svg]
[bocagesaintlouis.fr/wp-content/themes/consultant/fonts/acaslonpro-regular-webfont.eot]
[bocagesaintlouis.fr/wp-content/themes/consultant/fonts/acaslonpro-regular-webfontd41d.eot]
[bocagesaintlouis.fr/wp-content/themes/consultant/fonts/acaslonpro-regular-webfont.woff]
[bocagesaintlouis.fr/wp-content/themes/consultant/fonts/acaslonpro-regular-webfont.svg]
[bocagesaintlouis.fr/wp-content/themes/consultant/images/pattern.png]
[bocagesaintlouis.fr/wp-content/themes/consultant/images/quote.png]
[bocagesaintlouis.fr/wp-content/themes/consultant/images/sub-menu-line.gif]
[bocagesaintlouis.fr/wp-content/themes/consultant/images/top-opacity-slider.png]
[bocagesaintlouis.fr/wp-content/themes/consultant/images/opacity-slider-text.png]
[bocagesaintlouis.fr/wp-content/themes/consultant/images/line-shadow.png]
[bocagesaintlouis.fr/wp-content/themes/consultant/images/bg-content.gif]
[bocagesaintlouis.fr/wp-content/themes/consultant/images/arrow-list.gif]
[bocagesaintlouis.fr/wp-content/themes/consultant/images/hr.gif]
[bocagesaintlouis.fr/wp-content/themes/consultant/images/bg-button.gif]
[bocagesaintlouis.fr/wp-content/themes/consultant/images/tweet.png]
[bocagesaintlouis.fr/wp-content/themes/consultant/images/line-title.png]
[bocagesaintlouis.fr/wp-content/themes/consultant/images/icon-arrow.png]
[bocagesaintlouis.fr/wp-content/themes/consultant/images/icon-arrow-hover.png]
[bocagesaintlouis.fr/wp-content/themes/consultant/images/arrow-left.gif]
[bocagesaintlouis.fr/wp-content/themes/consultant/images/arrow-down.gif]
[bocagesaintlouis.fr/wp-content/themes/consultant/images/hover-zoom.png]
[bocagesaintlouis.fr/wp-content/themes/consultant/images/hover-link.png]
[bocagesaintlouis.fr/wp-content/themes/consultant/images/hover-doc.png]
[bocagesaintlouis.fr/wp-content/themes/consultant/images/morelink-span-hover.gif]
[bocagesaintlouis.fr/wp-content/themes/consultant/images/bg-button-hover.gif]
[bocagesaintlouis.fr/wp-content/themes/consultant/images/pf-prev.png]
[bocagesaintlouis.fr/wp-content/themes/consultant/images/pf-prev-hover.png]
[bocagesaintlouis.fr/wp-content/themes/consultant/images/pf-next.png]
[bocagesaintlouis.fr/wp-content/themes/consultant/images/pf-next-hover.png]
[bocagesaintlouis.fr/wp-content/themes/consultant/styled03b.css]
[bocagesaintlouis.fr/wp-content/themes/consultant/noscriptd03b.css]
[bocagesaintlouis.fr/wp-content/themes/consultant/images/light_rounded/sprite.png]
[bocagesaintlouis.fr/wp-content/themes/consultant/images/light_rounded/btnNext.png]
[bocagesaintlouis.fr/wp-content/themes/consultant/images/light_rounded/btnPrevious.png]
[bocagesaintlouis.fr/wp-content/themes/consultant/images/light_rounded/loader.gif]
[bocagesaintlouis.fr/wp-content/themes/consultant/images/dark_rounded/sprite.png]
[bocagesaintlouis.fr/wp-content/themes/consultant/images/dark_rounded/contentPattern.png]
[bocagesaintlouis.fr/wp-content/themes/consultant/images/dark_rounded/btnNext.png]
[bocagesaintlouis.fr/wp-content/themes/consultant/images/dark_rounded/btnPrevious.png]
[bocagesaintlouis.fr/wp-content/themes/consultant/images/dark_rounded/loader.gif]
[bocagesaintlouis.fr/wp-content/themes/consultant/images/dark_square/contentPattern.png]
[bocagesaintlouis.fr/wp-content/themes/consultant/images/dark_square/sprite.png]
[bocagesaintlouis.fr/wp-content/themes/consultant/images/dark_square/btnNext.png]
[bocagesaintlouis.fr/wp-content/themes/consultant/images/dark_square/btnPrevious.png]
[bocagesaintlouis.fr/wp-content/themes/consultant/images/light_square/sprite.png]
[bocagesaintlouis.fr/wp-content/themes/consultant/images/light_square/btnNext.png]
[bocagesaintlouis.fr/wp-content/themes/consultant/images/light_square/btnPrevious.png]
[bocagesaintlouis.fr/wp-content/themes/consultant/images/facebook/sprite.png]
[bocagesaintlouis.fr/wp-content/themes/consultant/images/facebook/contentPatternTop.png]
[bocagesaintlouis.fr/wp-content/themes/consultant/images/facebook/contentPatternLeft.png]
[bocagesaintlouis.fr/wp-content/themes/consultant/images/facebook/contentPatternRight.png]
[bocagesaintlouis.fr/wp-content/themes/consultant/images/facebook/loader.gif]
[bocagesaintlouis.fr/wp-content/themes/consultant/images/facebook/btnNext.png]
[bocagesaintlouis.fr/wp-content/themes/consultant/images/facebook/btnPrevious.png]
[bocagesaintlouis.fr/wp-content/themes/consultant/images/facebook/contentPatternBottom.png]
[bocagesaintlouis.fr/wp-content/themes/consultant/images/facebook/default_thumbnail.gif]
[bocagesaintlouis.fr/wp-content/themes/consultant/prettyPhotod03b.css]
[bocagesaintlouis.fr/wp-content/themes/consultant/jCarouseld03b.css]
[bocagesaintlouis.fr/wp-content/themes/consultant/images/prev.png]
[bocagesaintlouis.fr/wp-content/themes/consultant/images/next.png]
[bocagesaintlouis.fr/wp-content/themes/consultant/images/ajax-loader.gif]
[bocagesaintlouis.fr/wp-content/themes/consultant/images/focus-button.png]
[bocagesaintlouis.fr/wp-content/themes/consultant/images/pause-button.png]
[bocagesaintlouis.fr/wp-content/themes/consultant/images/play-button.png]
[bocagesaintlouis.fr/wp-content/themes/consultant/skitterd03b.css]
[bocagesaintlouis.fr/wp-includes/css/dist/block-library/style.mind03b.css]
[bocagesaintlouis.fr/wp-content/plugins/contact-form-7/images/ajax-loader.gif]
[bocagesaintlouis.fr/wp-content/plugins/contact-form-7/includes/css/stylesbb49.css]
[bocagesaintlouis.fr/_tel_+33241513355/index.html]
[bocagesaintlouis.fr/cdn-cgi/l/email-protection.html]
[bocagesaintlouis.fr/la-residence/feed/index.html]
[bocagesaintlouis.fr/wp-json/wp/v2/pages/45.json]
[bocagesaintlouis.fr/wp-json/oembed/1.0/embed60f6.json]
[bocagesaintlouis.fr/wp-json/oembed/1.0/embed9c13]
[bocagesaintlouis.fr/wp-content/uploads/2019/11/sejour_decouverte.pdf]
[bocagesaintlouis.fr/wp-content/uploads/2019/11/residence_2019.jpg]
[bocagesaintlouis.fr/wp-content/uploads/2019/11/residence_2019-300x200.jpg]
[www.bocagesaintlouis.fr/wp-content/uploads/2012/12/Entree.jpg]
[www.bocagesaintlouis.fr/wp-content/uploads/2012/12/Entree-300x199.jpg]
[www.bocagesaintlouis.fr/wp-content/uploads/2012/12/facadeAngleSud.jpg]
[www.bocagesaintlouis.fr/wp-content/uploads/2012/12/facadeAngleSud-300x199.jpg]
[www.bocagesaintlouis.fr/wp-content/uploads/2012/12/facadeEntree.jpg]
[www.bocagesaintlouis.fr/wp-content/uploads/2012/12/facadeEntree-300x199.jpg]
[www.bocagesaintlouis.fr/wp-content/uploads/2012/12/FacadeOuest.jpg]
[www.bocagesaintlouis.fr/wp-content/uploads/2012/12/FacadeOuest-300x199.jpg]
[www.bocagesaintlouis.fr/wp-content/uploads/2012/12/facadeSud.jpg]
[www.bocagesaintlouis.fr/wp-content/uploads/2012/12/facadeSud-300x199.jpg]
[www.bocagesaintlouis.fr/wp-content/uploads/2012/12/hallAccueil.jpg]
[www.bocagesaintlouis.fr/wp-content/uploads/2012/12/hallAccueil-300x199.jpg]
[www.bocagesaintlouis.fr/wp-content/uploads/2012/12/terrasse.jpg]
[www.bocagesaintlouis.fr/wp-content/uploads/2012/12/terrasse-300x199.jpg]
[www.bocagesaintlouis.fr/wp-content/uploads/2012/12/terrassePanoramique2.jpg]
[www.bocagesaintlouis.fr/wp-content/uploads/2012/12/terrassePanoramique2-300x139.jpg]
[www.bocagesaintlouis.fr/wp-content/uploads/2012/12/terrassePanoramique.jpg]
[www.bocagesaintlouis.fr/wp-content/uploads/2012/12/terrassePanoramique-300x147.jpg]
[bocagesaintlouis.fr/la-residence/index.html]
[bocagesaintlouis.fr/wp-json/wp/v2/pages/318.json]
[bocagesaintlouis.fr/plans-des-appartements/feed/index.html]
[bocagesaintlouis.fr/wp-json/oembed/1.0/embed5d55.json]
[bocagesaintlouis.fr/wp-json/oembed/1.0/embed4356]
[bocagesaintlouis.fr/wp-content/uploads/2020/05/plan_appartement_2.pdf]
[bocagesaintlouis.fr/plans-des-appartements/index.html]
[www.bocagesaintlouis.fr/wp-content/uploads/2012/12/sallePolyvalente-300x199.jpg]
[bocagesaintlouis.fr/wp-json/wp/v2/pages/42.json]
[bocagesaintlouis.fr/wp-json/oembed/1.0/embed5c95.json]
[bocagesaintlouis.fr/wp-json/oembed/1.0/embed9805]
[www.bocagesaintlouis.fr/wp-content/uploads/2012/12/sallePolyvalente.jpg]
[bocagesaintlouis.fr/wp-content/uploads/2020/01/chambre_invite_1_2020-e1580121211537.jpg]
[bocagesaintlouis.fr/wp-content/uploads/2020/01/chambre_invite_1_2020-e1580121211537-225x300.jpg]
[bocagesaintlouis.fr/wp-content/uploads/2020/01/chambre_invite_2_2020-e1580121190362.jpg]
[bocagesaintlouis.fr/wp-content/uploads/2020/01/chambre_invite_2_2020-e1580121190362-225x300.jpg]
[bocagesaintlouis.fr/wp-content/uploads/2020/01/chambre_invite_3_2020-e1580121161930.jpg]
[bocagesaintlouis.fr/wp-content/uploads/2020/01/chambre_invite_3_2020-e1580121161930-225x300.jpg]
[bocagesaintlouis.fr/wp-content/uploads/2019/11/accueil_r_2019.jpg]
[bocagesaintlouis.fr/wp-content/uploads/2019/11/accueil_r_2019-300.jpg]
[www.bocagesaintlouis.fr/wp-content/uploads/2012/12/Bibliotheque.jpg]
[www.bocagesaintlouis.fr/wp-content/uploads/2012/12/Bibliotheque-300x199.jpg]
[www.bocagesaintlouis.fr/wp-content/uploads/2012/12/bureauAccueil.jpg]
[www.bocagesaintlouis.fr/wp-content/uploads/2012/12/bureauAccueil-300x199.jpg]
[www.bocagesaintlouis.fr/wp-content/uploads/2012/12/cineClub.jpg]
[www.bocagesaintlouis.fr/wp-content/uploads/2012/12/cineClub-300x199.jpg]
[www.bocagesaintlouis.fr/wp-content/uploads/2012/12/directeur.jpg]
[www.bocagesaintlouis.fr/wp-content/uploads/2012/12/directeur-300x199.jpg]
[www.bocagesaintlouis.fr/wp-content/uploads/2012/12/ExpositionPhoto2.jpg]
[www.bocagesaintlouis.fr/wp-content/uploads/2012/12/ExpositionPhoto2-300x199.jpg]
[www.bocagesaintlouis.fr/wp-content/uploads/2012/12/instantsMusicauxEx.jpg]
[www.bocagesaintlouis.fr/wp-content/uploads/2012/12/instantsMusicauxEx-300x199.jpg]
[www.bocagesaintlouis.fr/wp-content/uploads/2012/12/parkingVisiteurs.jpg]
[www.bocagesaintlouis.fr/wp-content/uploads/2012/12/parkingVisiteurs-300x199.jpg]
[www.bocagesaintlouis.fr/wp-content/uploads/2012/12/relationClientele.jpg]
[www.bocagesaintlouis.fr/wp-content/uploads/2012/12/relationClientele-300x199.jpg]
[www.bocagesaintlouis.fr/wp-content/uploads/2012/12/SalleRestaurant.jpg]
[www.bocagesaintlouis.fr/wp-content/uploads/2012/12/SalleRestaurant-300x199.jpg]
[www.bocagesaintlouis.fr/wp-content/uploads/2012/12/SalleRestaurant1.jpg]
[www.bocagesaintlouis.fr/wp-content/uploads/2012/12/SalleRestaurant1-300x199.jpg]
[www.bocagesaintlouis.fr/wp-content/uploads/2012/12/salleReunion.jpg]
[www.bocagesaintlouis.fr/wp-content/uploads/2012/12/salleReunion-300x199.jpg]
[www.bocagesaintlouis.fr/wp-content/uploads/2012/12/Scrabble.jpg]
[www.bocagesaintlouis.fr/wp-content/uploads/2012/12/Scrabble-300x199.jpg]
[bocagesaintlouis.fr/les-prestations/index.html]
[bocagesaintlouis.fr/les-tarifs/feed/index.html]
[bocagesaintlouis.fr/wp-json/wp/v2/pages/1148.json]
[bocagesaintlouis.fr/wp-json/oembed/1.0/embed64a2.json]
[bocagesaintlouis.fr/les-tarifs/index.html]
[bocagesaintlouis.fr/wp-json/oembed/1.0/embed2f15]
[bocagesaintlouis.fr/wp-json/wp/v2/pages/350.json]
[bocagesaintlouis.fr/wp-json/oembed/1.0/embedb3ff.json]
[bocagesaintlouis.fr/lesannonces/index.html]
[bocagesaintlouis.fr/wp-json/oembed/1.0/embedca9f]
[www.bocagesaintlouis.fr/wp-content/uploads/2012/10/PANO_VIGNES-1024x347.jpg]
[bocagesaintlouis.fr/wp-json/wp/v2/pages/48.json]
[bocagesaintlouis.fr/saumur-perle-de-lanjou/feed/index.html]
[bocagesaintlouis.fr/wp-json/oembed/1.0/embed304b.json]
[bocagesaintlouis.fr/wp-json/oembed/1.0/embed50d3]
[www.bocagesaintlouis.fr/wp-content/uploads/2012/10/PANO_VIGNES.jpg]
[bocagesaintlouis.fr/saumur-perle-de-lanjou/index.html]
[bocagesaintlouis.fr/wp-json/wp/v2/pages/1192.json]
[bocagesaintlouis.fr/les-nouvelles/feed/index.html]
[bocagesaintlouis.fr/wp-json/oembed/1.0/embede50b.json]
[bocagesaintlouis.fr/les-nouvelles/index.html]
[bocagesaintlouis.fr/wp-json/oembed/1.0/embed052d]
[bocagesaintlouis.fr/wp-json/wp/v2/pages/28.json]
[bocagesaintlouis.fr/author/galydia/index.html]
[bocagesaintlouis.fr/voeux-du-president-2020/index.html]
[bocagesaintlouis.fr/animation-karaoke-23-janvier-2020/index.html]
[bocagesaintlouis.fr/wp-json/oembed/1.0/embede7d8.json]
[bocagesaintlouis.fr/repas-ete-25-06-2019/index.html]
[bocagesaintlouis.fr/a-propos/index.html]
[bocagesaintlouis.fr/wp-json/oembed/1.0/embed257a]
[bocagesaintlouis.fr/repas-erquy-19-02-2019/index.html]
[bocagesaintlouis.fr/wp-content/uploads/2015/06/tarifs_sejour_essai_2015_sem2.html]
[bocagesaintlouis.fr/menu-barbecue-13-09-2019/index.html]
[bocagesaintlouis.fr/repas-costa-brava-25-10-2018/index.html]
[bocagesaintlouis.fr/repas-vendanges-19-09-2019/index.html]
[bocagesaintlouis.fr/repas-portes-ouvertes-2019/index.html]
[bocagesaintlouis.fr/repas-costa-brava/index.html]
[bocagesaintlouis.fr/wp-content/themes/consultant/fonts/DroidSans-webfont.html]
[bocagesaintlouis.fr/dejeuner-auvergnat/index.html]
[bocagesaintlouis.fr/wp-content/themes/consultant/fonts/DroidSans-webfont.svg]
[bocagesaintlouis.fr/wp-content/themes/consultant/fonts/DroidSans-Bold-webfont.html]
[bocagesaintlouis.fr/wp-content/themes/consultant/fonts/DroidSans-Bold-webfont.svg]
[bocagesaintlouis.fr/wp-content/themes/consultant/fonts/acaslonpro-regular-webfont.html]
[bocagesaintlouis.fr/wp-content/themes/consultant/fonts/acaslonpro-regular-webfont.svg]
[bocagesaintlouis.fr/wp-content/themes/consultant/images/morelink-span-hover.html]
[bocagesaintlouis.fr/wp-content/themes/consultant/images/bg-button-hover.html]
[bocagesaintlouis.fr/wp-content/themes/consultant/images/light_rounded/sprite.html]
[bocagesaintlouis.fr/wp-content/themes/consultant/images/light_rounded/btnNext.html]
[bocagesaintlouis.fr/wp-content/themes/consultant/images/light_rounded/btnPrevious.html]
[bocagesaintlouis.fr/wp-content/themes/consultant/images/light_rounded/loader.html]
[bocagesaintlouis.fr/wp-content/themes/consultant/images/dark_rounded/sprite.html]
[bocagesaintlouis.fr/wp-content/themes/consultant/images/dark_rounded/contentPattern.html]
[bocagesaintlouis.fr/wp-content/themes/consultant/images/dark_rounded/btnNext.html]
[bocagesaintlouis.fr/wp-content/themes/consultant/images/dark_rounded/btnPrevious.html]
[bocagesaintlouis.fr/wp-content/themes/consultant/images/dark_rounded/loader.html]
[bocagesaintlouis.fr/wp-content/themes/consultant/images/dark_square/contentPattern.html]
[bocagesaintlouis.fr/wp-content/themes/consultant/images/dark_square/sprite.html]
[bocagesaintlouis.fr/wp-content/themes/consultant/images/dark_square/btnNext.html]
[bocagesaintlouis.fr/wp-content/themes/consultant/images/dark_square/btnPrevious.html]
[bocagesaintlouis.fr/wp-content/themes/consultant/images/light_square/sprite.html]
[bocagesaintlouis.fr/wp-content/themes/consultant/images/light_square/btnNext.html]
[bocagesaintlouis.fr/wp-content/themes/consultant/images/light_square/btnPrevious.html]
[bocagesaintlouis.fr/index5e74.html]
[bocagesaintlouis.fr/indexcb8c.html]
[bocagesaintlouis.fr/indexfbd5.html]
[bocagesaintlouis.fr/index6ca6.html]
[bocagesaintlouis.fr/index8fbb.html]
[bocagesaintlouis.fr/index94b0.html]
[bocagesaintlouis.fr/indexfc28.html]
[bocagesaintlouis.fr/les-nouvelles/page/2/index.html]
[bocagesaintlouis.fr/wp-content/uploads/2020/01/voeux_2020_1-1024x683.jpg]
[bocagesaintlouis.fr/a-propos/feed/index.html]
[bocagesaintlouis.fr/wp-json/wp/v2/posts/1625.json]
[bocagesaintlouis.fr/voeux-du-president-2020/feed/index.html]
[bocagesaintlouis.fr/wp-json/oembed/1.0/embedf3e1.json]
[bocagesaintlouis.fr/wp-json/oembed/1.0/embed4438]
[bocagesaintlouis.fr/voeux-du-president-2020/index.html]
[bocagesaintlouis.fr/wp-content/uploads/2020/01/voeux_2020_2-e1580318658424-683x1024.jpg]
[bocagesaintlouis.fr/author/galydia/index.html]
[bocagesaintlouis.fr/wp-json/wp/v2/users/1.json]
[bocagesaintlouis.fr/author/galydia/feed/index.html]
[bocagesaintlouis.fr/author/galydia/page/2/index.html]
[bocagesaintlouis.fr/category/bocage/index.html]
[bocagesaintlouis.fr/wp-json/wp/v2/posts/1611.json]
[bocagesaintlouis.fr/animation-karaoke-23-janvier-2020/feed/index.html]
[bocagesaintlouis.fr/wp-json/oembed/1.0/embedff23.json]
[bocagesaintlouis.fr/wp-json/oembed/1.0/embed54e3]
[bocagesaintlouis.fr/wp-content/uploads/2020/01/affiche_karaoke_23-01-2020.pdf]
[bocagesaintlouis.fr/animation-karaoke-23-janvier-2020/index.html]
[bocagesaintlouis.fr/wp-json/wp/v2/posts/1571.json]
[bocagesaintlouis.fr/wp-json/oembed/1.0/embed6e6f.json]
[bocagesaintlouis.fr/repas-ete-25-06-2019/feed/index.html]
[bocagesaintlouis.fr/wp-json/oembed/1.0/embedc1f8]
[bocagesaintlouis.fr/wp-content/uploads/2019/09/MENUS_ETE.pdf]
[bocagesaintlouis.fr/repas-ete-25-06-2019/index.html]
[bocagesaintlouis.fr/wp-json/wp/v2/posts/1568.json]
[bocagesaintlouis.fr/repas-erquy-19-02-2019/feed/index.html]
[bocagesaintlouis.fr/wp-json/oembed/1.0/embedc1b9.json]
[bocagesaintlouis.fr/wp-json/oembed/1.0/embed8500]
[bocagesaintlouis.fr/wp-content/uploads/2019/09/MENUS_ERQUY.pdf]
[bocagesaintlouis.fr/repas-erquy-19-02-2019/index.html]
[bocagesaintlouis.fr/wp-json/wp/v2/posts/1566.json]
[bocagesaintlouis.fr/repas-costa-brava-25-10-2018/feed/index.html]
[bocagesaintlouis.fr/wp-json/oembed/1.0/embed9718.json]
[bocagesaintlouis.fr/wp-json/oembed/1.0/embedc16b]
[bocagesaintlouis.fr/wp-content/uploads/2019/09/MENUS_COSTA_BRAVA_.pdf]
[bocagesaintlouis.fr/repas-costa-brava-25-10-2018/index.html]
[bocagesaintlouis.fr/wp-json/wp/v2/posts/1564.json]
[bocagesaintlouis.fr/menu-barbecue-13-09-2019/feed/index.html]
[bocagesaintlouis.fr/wp-json/oembed/1.0/embed0f4b.json]
[bocagesaintlouis.fr/wp-json/oembed/1.0/embed81a5]
[bocagesaintlouis.fr/wp-content/uploads/2019/09/MENUS_BARBECUE_EN_ANJOU.pdf]
[bocagesaintlouis.fr/menu-barbecue-13-09-2019/index.html]
[bocagesaintlouis.fr/wp-json/wp/v2/posts/1556.json]
[bocagesaintlouis.fr/repas-vendanges-19-09-2019/feed/index.html]
[bocagesaintlouis.fr/wp-json/oembed/1.0/embede09d.json]
[bocagesaintlouis.fr/wp-json/oembed/1.0/embed8764]
[bocagesaintlouis.fr/wp-content/uploads/2019/09/MENU_VENDANGE_AU_CHATEAU_DE_SAUMUR.pdf]
[bocagesaintlouis.fr/repas-vendanges-19-09-2019/index.html]
[bocagesaintlouis.fr/wp-json/wp/v2/posts/1538.json]
[bocagesaintlouis.fr/repas-portes-ouvertes-2019/feed/index.html]
[bocagesaintlouis.fr/wp-json/oembed/1.0/embede0e3.json]
[bocagesaintlouis.fr/wp-json/oembed/1.0/embed3ad2]
[bocagesaintlouis.fr/wp-content/uploads/2019/04/portes_ouvertes_18052019_menu.pdf]
[bocagesaintlouis.fr/repas-portes-ouvertes-2019/index.html]
[bocagesaintlouis.fr/wp-json/wp/v2/posts/1508.json]
[bocagesaintlouis.fr/repas-costa-brava/feed/index.html]
[bocagesaintlouis.fr/wp-json/oembed/1.0/embed1a26.json]
[bocagesaintlouis.fr/wp-json/oembed/1.0/embedff35]
[bocagesaintlouis.fr/wp-content/uploads/2018/11/repas_costa_brava_25102018.pdf]
[bocagesaintlouis.fr/repas-costa-brava/index.html]
[bocagesaintlouis.fr/wp-json/wp/v2/posts/1505.json]
[bocagesaintlouis.fr/dejeuner-auvergnat/feed/index.html]
[bocagesaintlouis.fr/wp-json/oembed/1.0/embedee6a.json]
[bocagesaintlouis.fr/wp-json/oembed/1.0/embed1f99]
[bocagesaintlouis.fr/wp-content/uploads/2018/11/auvergnat_16052018.pdf]
[bocagesaintlouis.fr/dejeuner-auvergnat/index.html]
[bocagesaintlouis.fr/les-nouvelles/page/2/index.html]
[bocagesaintlouis.fr/index3c55.html]
[bocagesaintlouis.fr/indexb74b.html]
[bocagesaintlouis.fr/journee-romaine-21-09-2017/index.html]
[bocagesaintlouis.fr/journee-printaniere-30-03-2017/index.html]
[bocagesaintlouis.fr/dejeuner-russe-19-10-2017/index.html]
[bocagesaintlouis.fr/author/galydia/page/2/index.html]
[bocagesaintlouis.fr/collioure-22-06-2017/index.html]
[bocagesaintlouis.fr/journee-chinoise-23-02-2017/index.html]
[bocagesaintlouis.fr/cheverny-27-04-2017/index.html]
[bocagesaintlouis.fr/depart-chantal-arrivee-mr-le-pelletier-16-05-2018/index.html]
[bocagesaintlouis.fr/category/bocage/index.html]
[bocagesaintlouis.fr/wp-json/wp/v2/categories/8.json]
[bocagesaintlouis.fr/index93ac.html]
[bocagesaintlouis.fr/printemps-de-bourges-20-03-2018/index.html]
[bocagesaintlouis.fr/barbecue-13-09-2018/index.html]
[bocagesaintlouis.fr/index42c4.html]
[bocagesaintlouis.fr/category/non-classe/index.html]
[bocagesaintlouis.fr/a-la-rechercher-des-laines-precieuses/index.html]
[bocagesaintlouis.fr/les-nouvelles/page/3/index.html]
[bocagesaintlouis.fr/index6217.html]
[bocagesaintlouis.fr/indexf49d.html]
[bocagesaintlouis.fr/index461c.html]
[bocagesaintlouis.fr/index674c.html]
[bocagesaintlouis.fr/index652b.html]
[bocagesaintlouis.fr/index99b7.html]
[bocagesaintlouis.fr/index5c81.html]
[bocagesaintlouis.fr/author/galydia/page/3/index.html]
[bocagesaintlouis.fr/category/bocage/page/2/index.html]
[bocagesaintlouis.fr/category/bocage/feed/index.html]
[bocagesaintlouis.fr/wp-json/wp/v2/posts/1501.json]
[bocagesaintlouis.fr/dejeuner-russe-19-10-2017/feed/index.html]
[bocagesaintlouis.fr/wp-json/oembed/1.0/embed0da5.json]
[bocagesaintlouis.fr/wp-json/oembed/1.0/embedd95a]
[bocagesaintlouis.fr/wp-content/uploads/2018/11/russie_19102017_affiche.pdf]
[bocagesaintlouis.fr/wp-content/uploads/2018/11/russie_19102017_menu.pdf]
[bocagesaintlouis.fr/dejeuner-russe-19-10-2017/index.html]
[bocagesaintlouis.fr/wp-json/wp/v2/posts/1496.json]
[bocagesaintlouis.fr/journee-romaine-21-09-2017/feed/index.html]
[bocagesaintlouis.fr/wp-json/oembed/1.0/embed595f.json]
[bocagesaintlouis.fr/wp-json/oembed/1.0/embed5d6d]
[bocagesaintlouis.fr/wp-content/uploads/2018/11/rome_21092017_affiche.pdf]
[bocagesaintlouis.fr/wp-content/uploads/2018/11/rome_21092017_menu.pdf]
[bocagesaintlouis.fr/journee-romaine-21-09-2017/index.html]
[bocagesaintlouis.fr/wp-json/wp/v2/posts/1492.json]
[bocagesaintlouis.fr/wp-json/oembed/1.0/embed1b2f.json]
[bocagesaintlouis.fr/wp-json/oembed/1.0/embeda728]
[bocagesaintlouis.fr/journee-printaniere-30-03-2017/feed/index.html]
[bocagesaintlouis.fr/wp-content/uploads/2018/11/printemps_30032017_affiche.pdf]
[bocagesaintlouis.fr/wp-content/uploads/2018/11/printemps_30032017_menu.pdf]
[bocagesaintlouis.fr/journee-printaniere-30-03-2017/index.html]
[bocagesaintlouis.fr/wp-json/wp/v2/posts/1488.json]
[bocagesaintlouis.fr/collioure-22-06-2017/feed/index.html]
[bocagesaintlouis.fr/wp-json/oembed/1.0/embed98f1.json]
[bocagesaintlouis.fr/wp-json/oembed/1.0/embed419c]
[bocagesaintlouis.fr/wp-content/uploads/2018/11/collioure_22062017_affiche.pdf]
[bocagesaintlouis.fr/wp-content/uploads/2018/11/collioure_22062017_menu.pdf]
[bocagesaintlouis.fr/collioure-22-06-2017/index.html]
[bocagesaintlouis.fr/wp-json/wp/v2/posts/1484.json]
[bocagesaintlouis.fr/wp-json/oembed/1.0/embed8e70.json]
[bocagesaintlouis.fr/journee-chinoise-23-02-2017/feed/index.html]
[bocagesaintlouis.fr/wp-json/oembed/1.0/embedf2ff]
[bocagesaintlouis.fr/wp-content/uploads/2018/11/chine_23022017_affiche.pdf]
[bocagesaintlouis.fr/wp-content/uploads/2018/11/chine_23022017_menu.pdf]
[bocagesaintlouis.fr/journee-chinoise-23-02-2017/index.html]
[bocagesaintlouis.fr/wp-json/wp/v2/posts/1480.json]
[bocagesaintlouis.fr/wp-json/oembed/1.0/embedd3ab.json]
[bocagesaintlouis.fr/cheverny-27-04-2017/feed/index.html]
[bocagesaintlouis.fr/wp-json/oembed/1.0/embed0ab9]
[bocagesaintlouis.fr/wp-content/uploads/2018/11/cheverny_27042017_affiche.pdf]
[bocagesaintlouis.fr/wp-content/uploads/2018/11/cheverny_27042017_menu.pdf]
[bocagesaintlouis.fr/cheverny-27-04-2017/index.html]
[bocagesaintlouis.fr/wp-json/wp/v2/posts/1477.json]
[bocagesaintlouis.fr/wp-json/oembed/1.0/embede8b6.json]
[bocagesaintlouis.fr/depart-chantal-arrivee-mr-le-pelletier-16-05-2018/feed/index.html]
[bocagesaintlouis.fr/wp-json/oembed/1.0/embed13ed]
[bocagesaintlouis.fr/wp-content/uploads/2018/11/chantal_16052018.pdf]
[bocagesaintlouis.fr/depart-chantal-arrivee-mr-le-pelletier-16-05-2018/index.html]
[bocagesaintlouis.fr/wp-json/wp/v2/posts/1472.json]
[bocagesaintlouis.fr/printemps-de-bourges-20-03-2018/feed/index.html]
[bocagesaintlouis.fr/wp-json/oembed/1.0/embed60c3.json]
[bocagesaintlouis.fr/wp-json/oembed/1.0/embedbc4c]
[bocagesaintlouis.fr/wp-content/uploads/2018/11/bourges_20032018_affiche.pdf]
[bocagesaintlouis.fr/wp-content/uploads/2018/11/bourges_20032018_menu.pdf]
[bocagesaintlouis.fr/printemps-de-bourges-20-03-2018/index.html]
[bocagesaintlouis.fr/wp-json/wp/v2/categories/1.json]
[bocagesaintlouis.fr/category/non-classe/feed/index.html]
[bocagesaintlouis.fr/wp-content/uploads/2015/08/mtstmichel-128x128.jpg]
[bocagesaintlouis.fr/wp-content/uploads/2015/03/1009548-Drapeau_du_Mexique-128x128.jpg]
[bocagesaintlouis.fr/wp-content/uploads/2014/10/slovenie_drapeau-128x128.gif]
[bocagesaintlouis.fr/wp-content/uploads/2014/05/malte-128x128.png]
[bocagesaintlouis.fr/wp-content/uploads/2014/01/5_applications_pour_suivre_les_jo_de_sotchi_7_3026.jpeg_north_600x_white-128x128.jpg]
[bocagesaintlouis.fr/repas-a-theme-mont-st-michel/index.html]
[bocagesaintlouis.fr/wp-content/uploads/2013/03/Voeux-Bocage-005-128x128.jpg]
[bocagesaintlouis.fr/category/non-classe/index.html]
[bocagesaintlouis.fr/repas-a-theme-mexicain/index.html]
[bocagesaintlouis.fr/dejeuner-sur-le-theme-de-la-slovenie/index.html]
[bocagesaintlouis.fr/wp-json/wp/v2/posts/1468.json]
[bocagesaintlouis.fr/animation-malte/index.html]
[bocagesaintlouis.fr/menu-russe-affiche-jo-sotchi/index.html]
[bocagesaintlouis.fr/wp-json/oembed/1.0/embeda7bd.json]
[bocagesaintlouis.fr/atelier-dorure-sur-bois-demonstration/index.html]
[bocagesaintlouis.fr/wp-json/oembed/1.0/embedbae3]
[bocagesaintlouis.fr/discours-des-voeux-2013/index.html]
[bocagesaintlouis.fr/wp-content/uploads/2018/11/barbecue_13092018_affiche.pdf]
[bocagesaintlouis.fr/wp-content/uploads/2018/11/barbecue_13092018_menu.pdf]
[bocagesaintlouis.fr/barbecue-13-09-2018/index.html]
[bocagesaintlouis.fr/le-degrevement-en-cas-dinoccupation-dun-appartement/index.html]
[bocagesaintlouis.fr/barbecue-13-09-2018/feed/index.html]
[bocagesaintlouis.fr/wp-content/uploads/2017/05/BOCAGE-A4-212x300.jpg]
[bocagesaintlouis.fr/wp-json/wp/v2/posts/1418.json]
[bocagesaintlouis.fr/wp-json/oembed/1.0/embed8dfa.json]
[bocagesaintlouis.fr/a-la-rechercher-des-laines-precieuses/feed/index.html]
[bocagesaintlouis.fr/wp-json/oembed/1.0/embedede3]
[bocagesaintlouis.fr/wp-content/uploads/2017/05/BOCAGE-A4.jpg]
[bocagesaintlouis.fr/a-la-rechercher-des-laines-precieuses/index.html]
[bocagesaintlouis.fr/wp-content/uploads/2017/02/picto-repas-assiette-lentreprise_5494090-128x128.jpg]
[bocagesaintlouis.fr/wp-content/uploads/2017/02/réveillon-2014-128x128.jpg]
[bocagesaintlouis.fr/wp-content/uploads/2017/02/boule-de-noel-en-verre-d8cm-design-alinea-128x128.jpg]
[bocagesaintlouis.fr/conference-kiki-de-montparnasse/index.html]
[bocagesaintlouis.fr/wp-content/uploads/2015/10/urla-128x128.jpg]
[bocagesaintlouis.fr/wp-content/uploads/2015/10/ballon-100-ans-a-helium-128x128.jpg]
[bocagesaintlouis.fr/wp-content/uploads/2014/12/Sans-titre-128x128.jpg]
[bocagesaintlouis.fr/les-nouvelles/page/3/index.html]
[bocagesaintlouis.fr/repas-de-2016-au-bocage-saint-louis/index.html]
[bocagesaintlouis.fr/author/galydia/page/3/index.html]
[bocagesaintlouis.fr/nouvel-an-2017-au-bocage/index.html]
[bocagesaintlouis.fr/noel-2016-au-bocage-saint-louis/index.html]
[bocagesaintlouis.fr/category/bocage/page/2/index.html]
[bocagesaintlouis.fr/indexea99.html]
[bocagesaintlouis.fr/themes-des-oiseaux/index.html]
[bocagesaintlouis.fr/100-ans-mme-delporto/index.html]
[bocagesaintlouis.fr/indexa283.html]
[bocagesaintlouis.fr/dejeuner-du-nouvel-an-2015/index.html]
[bocagesaintlouis.fr/les-nouvelles/page/4/index.html]
[bocagesaintlouis.fr/index1f6b.html]
[bocagesaintlouis.fr/index5795.html]
[bocagesaintlouis.fr/index68ab.html]
[bocagesaintlouis.fr/indexa41a.html]
[bocagesaintlouis.fr/index3d9b.html]
[bocagesaintlouis.fr/indexd9ef.html]
[bocagesaintlouis.fr/author/galydia/page/4/index.html]
[bocagesaintlouis.fr/category/bocage/page/3/index.html]
[bocagesaintlouis.fr/wp-content/uploads/2015/08/mtstmichel.jpg]
[bocagesaintlouis.fr/repas-a-theme-mont-st-michel/feed/index.html]
[bocagesaintlouis.fr/wp-json/wp/v2/posts/1260.json]
[bocagesaintlouis.fr/wp-json/oembed/1.0/embed5bef.json]
[bocagesaintlouis.fr/wp-json/oembed/1.0/embed2a01]
[bocagesaintlouis.fr/wp-content/uploads/2015/08/REPAS-DU-MONT-SAINT-MICHEL.pdf]
[bocagesaintlouis.fr/wp-content/uploads/2015/08/AFFICHE-MT-ST-MICHEL.pdf]
[bocagesaintlouis.fr/repas-a-theme-mont-st-michel/index.html]
[bocagesaintlouis.fr/wp-content/uploads/2015/03/1009548-Drapeau_du_Mexique.jpg]
[bocagesaintlouis.fr/wp-json/wp/v2/posts/1238.json]
[bocagesaintlouis.fr/wp-json/oembed/1.0/embed1e2f.json]
[bocagesaintlouis.fr/wp-json/oembed/1.0/embed9d4b]
[bocagesaintlouis.fr/repas-a-theme-mexicain/feed/index.html]
[bocagesaintlouis.fr/wp-content/uploads/2015/03/affiche_mexique.pdf]
[bocagesaintlouis.fr/wp-content/uploads/2015/03/menu_repas_mexicain.pdf]
[bocagesaintlouis.fr/repas-a-theme-mexicain/index.html]
[bocagesaintlouis.fr/wp-content/uploads/2014/10/slovenie_drapeau.gif]
[bocagesaintlouis.fr/wp-json/wp/v2/posts/1144.json]
[bocagesaintlouis.fr/wp-json/oembed/1.0/embed4291.json]
[bocagesaintlouis.fr/dejeuner-sur-le-theme-de-la-slovenie/feed/index.html]
[bocagesaintlouis.fr/wp-json/oembed/1.0/embed5f4b]
[bocagesaintlouis.fr/wp-content/uploads/2014/10/dej_slovenie.pdf]
[bocagesaintlouis.fr/wp-content/uploads/2014/10/mid_dej_slovenie.pdf]
[bocagesaintlouis.fr/dejeuner-sur-le-theme-de-la-slovenie/index.html]
[bocagesaintlouis.fr/wp-content/uploads/2014/05/malte.png]
[bocagesaintlouis.fr/wp-json/wp/v2/posts/1208.json]
[bocagesaintlouis.fr/animation-malte/feed/index.html]
[bocagesaintlouis.fr/wp-json/oembed/1.0/embeda168.json]
[bocagesaintlouis.fr/wp-json/oembed/1.0/embeddecc]
[bocagesaintlouis.fr/wp-content/uploads/2014/10/Menu_Malte.pdf]
[bocagesaintlouis.fr/wp-content/uploads/2014/10/Presentation_Malte.pdf]
[bocagesaintlouis.fr/wp-content/uploads/2014/10/Quizz_Malte.pdf]
[bocagesaintlouis.fr/wp-content/uploads/2014/10/Quizz_Reponses_Malte.pdf]
[bocagesaintlouis.fr/animation-malte/index.html]
[bocagesaintlouis.fr/wp-content/uploads/2014/01/5_applications_pour_suivre_les_jo_de_sotchi_7_3026.jpeg_north_600x_white.jpg]
[bocagesaintlouis.fr/wp-json/wp/v2/posts/1194.json]
[bocagesaintlouis.fr/menu-russe-affiche-jo-sotchi/feed/index.html]
[bocagesaintlouis.fr/wp-json/oembed/1.0/embed5d9e.json]
[bocagesaintlouis.fr/wp-json/oembed/1.0/embed9cf8]
[bocagesaintlouis.fr/wp-content/uploads/2014/10/Affiche-J-O-RUSSIE.pdf]
[bocagesaintlouis.fr/wp-content/uploads/2014/10/MENU-RUSSE.pdf]
[bocagesaintlouis.fr/menu-russe-affiche-jo-sotchi/index.html]
[bocagesaintlouis.fr/wp-json/wp/v2/posts/1042.json]
[bocagesaintlouis.fr/wp-json/oembed/1.0/embedefc0.json]
[bocagesaintlouis.fr/atelier-dorure-sur-bois-demonstration/feed/index.html]
[bocagesaintlouis.fr/atelier-dorure-sur-bois-demonstration/index.html]
[bocagesaintlouis.fr/wp-json/oembed/1.0/embed309b]
[bocagesaintlouis.fr/wp-content/uploads/2013/03/Voeux-Bocage-005.jpg]
[bocagesaintlouis.fr/wp-json/wp/v2/posts/1022.json]
[bocagesaintlouis.fr/discours-des-voeux-2013/feed/index.html]
[bocagesaintlouis.fr/wp-json/oembed/1.0/embedbd13.json]
[bocagesaintlouis.fr/wp-json/oembed/1.0/embed875b]
[www.bocagesaintlouis.fr/wp-content/uploads/2013/03/Voeux-Bocage-005-300x199.jpg]
[bocagesaintlouis.fr/discours-des-voeux-2013/index.html]
[bocagesaintlouis.fr/wp-json/wp/v2/posts/1016.json]
[bocagesaintlouis.fr/le-degrevement-en-cas-dinoccupation-dun-appartement/feed/index.html]
[bocagesaintlouis.fr/wp-json/oembed/1.0/embedda7e.json]
[bocagesaintlouis.fr/le-degrevement-en-cas-dinoccupation-dun-appartement/index.html]
[bocagesaintlouis.fr/index7231.html]
[bocagesaintlouis.fr/index6435.html]
[bocagesaintlouis.fr/wp-json/oembed/1.0/embedcd1f]
[bocagesaintlouis.fr/wp-json/wp/v2/posts/1407.json]
[bocagesaintlouis.fr/conference-kiki-de-montparnasse/feed/index.html]
[bocagesaintlouis.fr/wp-json/oembed/1.0/embed7da0.json]
[bocagesaintlouis.fr/wp-json/oembed/1.0/embed1519]
[bocagesaintlouis.fr/conference-kiki-de-montparnasse/index.html]
[bocagesaintlouis.fr/wp-content/uploads/2017/02/CONFERENCE_KIKI_DE_MONTPARNASSE.pdf]
[bocagesaintlouis.fr/wp-content/uploads/2017/02/picto-repas-assiette-lentreprise_5494090.jpg]
[bocagesaintlouis.fr/repas-de-2016-au-bocage-saint-louis/feed/index.html]
[bocagesaintlouis.fr/wp-json/wp/v2/posts/1399.json]
[bocagesaintlouis.fr/wp-json/oembed/1.0/embed2b6d.json]
[bocagesaintlouis.fr/wp-json/oembed/1.0/embed265f]
[bocagesaintlouis.fr/wp-content/uploads/2017/02/REPAS_MEDAILLES_BOCAGE_SAINT_LOUIS.pdf]
[bocagesaintlouis.fr/wp-content/uploads/2017/02/REPAS_COUPE_FOOT_EUROPE.pdf]
[bocagesaintlouis.fr/wp-content/uploads/2017/02/REPAS_CHASSE_AU_CHEVREUIL_EN_ANJOU.pdf]
[bocagesaintlouis.fr/wp-content/uploads/2017/02/REPAS_CHAMBORD_AU_PRINTEMPS.pdf]
[bocagesaintlouis.fr/wp-content/uploads/2017/02/repas_belle_ile_en_mer.pdf]
[bocagesaintlouis.fr/repas-de-2016-au-bocage-saint-louis/index.html]
[bocagesaintlouis.fr/wp-content/uploads/2017/02/réveillon-2014.jpg]
[bocagesaintlouis.fr/wp-json/wp/v2/posts/1393.json]
[bocagesaintlouis.fr/nouvel-an-2017-au-bocage/feed/index.html]
[bocagesaintlouis.fr/wp-json/oembed/1.0/embeda4e6.json]
[bocagesaintlouis.fr/wp-json/oembed/1.0/embed5ce8]
[bocagesaintlouis.fr/wp-content/uploads/2017/02/carte_jour_an_2017.pdf]
[bocagesaintlouis.fr/wp-content/uploads/2017/02/CARTE_NOUVEL_AN_2017.pdf]
[bocagesaintlouis.fr/wp-content/uploads/2017/02/menu_reveillon_31_decembre_2016.pdf]
[bocagesaintlouis.fr/nouvel-an-2017-au-bocage/index.html]
[bocagesaintlouis.fr/wp-content/uploads/2017/02/boule-de-noel-en-verre-d8cm-design-alinea.jpg]
[bocagesaintlouis.fr/wp-json/wp/v2/posts/1386.json]
[bocagesaintlouis.fr/noel-2016-au-bocage-saint-louis/feed/index.html]
[bocagesaintlouis.fr/wp-json/oembed/1.0/embed6ce1.json]
[bocagesaintlouis.fr/wp-json/oembed/1.0/embed9658]
[bocagesaintlouis.fr/wp-content/uploads/2017/02/affiche_marche_noel_2016.pdf]
[bocagesaintlouis.fr/wp-content/uploads/2017/02/carte_repas_noel_2016.pdf]
[bocagesaintlouis.fr/wp-content/uploads/2017/02/repas_reveillon_noel_2016.pdf]
[bocagesaintlouis.fr/wp-content/uploads/2017/02/carte_noel_2016.pdf]
[bocagesaintlouis.fr/noel-2016-au-bocage-saint-louis/index.html]
[bocagesaintlouis.fr/wp-content/uploads/2015/10/urla.jpg]
[bocagesaintlouis.fr/wp-json/wp/v2/posts/1290.json]
[bocagesaintlouis.fr/themes-des-oiseaux/feed/index.html]
[bocagesaintlouis.fr/wp-json/oembed/1.0/embed95b7.json]
[bocagesaintlouis.fr/wp-json/oembed/1.0/embed707c]
[bocagesaintlouis.fr/wp-content/uploads/2015/10/AFFICHE-SUR-LES-OISEAUX.pdf]
[bocagesaintlouis.fr/themes-des-oiseaux/index.html]
[bocagesaintlouis.fr/wp-content/uploads/2015/10/ballon-100-ans-a-helium.jpg]
[bocagesaintlouis.fr/wp-json/wp/v2/posts/1285.json]
[bocagesaintlouis.fr/wp-json/oembed/1.0/embed3785.json]
[bocagesaintlouis.fr/100-ans-mme-delporto/feed/index.html]
[bocagesaintlouis.fr/wp-json/oembed/1.0/embed466d]
[bocagesaintlouis.fr/wp-content/uploads/2015/10/Les-100-ans-de-Mme-DELPORTO.pdf]
[bocagesaintlouis.fr/wp-content/uploads/2015/10/REPAS-100-ANS-MME-DELPORTO.pdf]
[bocagesaintlouis.fr/100-ans-mme-delporto/index.html]
[bocagesaintlouis.fr/wp-content/uploads/2014/12/Sans-titre.jpg]
[bocagesaintlouis.fr/wp-json/wp/v2/posts/1235.json]
[bocagesaintlouis.fr/dejeuner-du-nouvel-an-2015/feed/index.html]
[bocagesaintlouis.fr/wp-json/oembed/1.0/embed4a8c.json]
[bocagesaintlouis.fr/wp-json/oembed/1.0/embed4899]
[bocagesaintlouis.fr/wp-content/uploads/2015/03/menu_nouvel_an_2015.pdf]
[bocagesaintlouis.fr/dejeuner-du-nouvel-an-2015/index.html]
[bocagesaintlouis.fr/wp-content/uploads/2013/10/les-chats-noirs-128x128.jpg]
[bocagesaintlouis.fr/les-nouvelles/page/4/index.html]
[bocagesaintlouis.fr/voeux-de-monsieur-le-maire/index.html]
[bocagesaintlouis.fr/author/galydia/page/4/index.html]
[bocagesaintlouis.fr/menus-de-fete-au-bocage-saint-louis/index.html]
[bocagesaintlouis.fr/category/bocage/page/3/index.html]
[bocagesaintlouis.fr/indexc78f.html]
[bocagesaintlouis.fr/tarifs-maintenus-malgre-la-tva-en-hausse/index.html]
[bocagesaintlouis.fr/index9544.html]
[bocagesaintlouis.fr/menu-special-paris/index.html]
[bocagesaintlouis.fr/les-chats-noirs/index.html]
[bocagesaintlouis.fr/reponses-au-quiz-sur-paris/index.html]
[bocagesaintlouis.fr/index1723.html]
[bocagesaintlouis.fr/le-mot-du-directeur/index.html]
[bocagesaintlouis.fr/index8330.html]
[bocagesaintlouis.fr/index854d.html]
[bocagesaintlouis.fr/index817f.html]
[bocagesaintlouis.fr/indexb703.html]
[bocagesaintlouis.fr/index8d1b.html]
[bocagesaintlouis.fr/index7ffe.html]
[bocagesaintlouis.fr/index80a9.html]
[bocagesaintlouis.fr/index1aa7.html]
[bocagesaintlouis.fr/index3b66.html]
[bocagesaintlouis.fr/indexab6b.html]
[bocagesaintlouis.fr/index78a2.html]
[bocagesaintlouis.fr/index5bce.html]
[bocagesaintlouis.fr/les-nouvelles/page/5/index.html]
[bocagesaintlouis.fr/category/bocage/page/4/index.html]
[bocagesaintlouis.fr/author/galydia/page/5/index.html]
[bocagesaintlouis.fr/wp-content/uploads/2014/10/GEDC4150-202x82.jpg]
[bocagesaintlouis.fr/wp-json/wp/v2/posts/1198.json]
[bocagesaintlouis.fr/wp-json/oembed/1.0/embede041.json]
[bocagesaintlouis.fr/voeux-de-monsieur-le-maire/feed/index.html]
[bocagesaintlouis.fr/wp-json/oembed/1.0/embedd706]
[bocagesaintlouis.fr/wp-content/uploads/2014/10/GEDC4152-202x82.jpg]
[bocagesaintlouis.fr/voeux-de-monsieur-le-maire/ge-digital-camera/index.html]
[bocagesaintlouis.fr/voeux-de-monsieur-le-maire/ge-digital-camera-2/index.html]
[bocagesaintlouis.fr/wp-content/uploads/2014/10/GEDC4153-202x82.jpg]
[bocagesaintlouis.fr/voeux-de-monsieur-le-maire/ge-digital-camera-3/index.html]
[bocagesaintlouis.fr/wp-content/uploads/2014/10/GEDC4163-202x82.jpg]
[bocagesaintlouis.fr/wp-content/uploads/2014/10/GEDC4162-202x82.jpg]
[bocagesaintlouis.fr/wp-content/uploads/2014/10/GEDC4154-202x82.jpg]
[bocagesaintlouis.fr/wp-content/uploads/2014/10/DSC07685-202x82.jpg]
[bocagesaintlouis.fr/wp-content/uploads/2014/10/DSC07686-202x82.jpg]
[bocagesaintlouis.fr/voeux-de-monsieur-le-maire/index.html]
[bocagesaintlouis.fr/voeux-de-monsieur-le-maire/ge-digital-camera-6/index.html]
[bocagesaintlouis.fr/voeux-de-monsieur-le-maire/ge-digital-camera-5/index.html]
[bocagesaintlouis.fr/voeux-de-monsieur-le-maire/ge-digital-camera-4/index.html]
[bocagesaintlouis.fr/wp-json/wp/v2/posts/1118.json]
[bocagesaintlouis.fr/voeux-de-monsieur-le-maire/dsc07685/index.html]
[bocagesaintlouis.fr/wp-json/oembed/1.0/embed60c4.json]
[bocagesaintlouis.fr/voeux-de-monsieur-le-maire/dsc07686/index.html]
[bocagesaintlouis.fr/menus-de-fete-au-bocage-saint-louis/index.html]
[bocagesaintlouis.fr/wp-json/oembed/1.0/embed62c1]
[bocagesaintlouis.fr/menus-de-fete-au-bocage-saint-louis/feed/index.html]
[bocagesaintlouis.fr/wp-json/wp/v2/posts/1115.json]
[bocagesaintlouis.fr/tarifs-maintenus-malgre-la-tva-en-hausse/feed/index.html]
[bocagesaintlouis.fr/wp-json/oembed/1.0/embeddad0.json]
[bocagesaintlouis.fr/tarifs-maintenus-malgre-la-tva-en-hausse/index.html]
[bocagesaintlouis.fr/wp-json/oembed/1.0/embed95b6]
[bocagesaintlouis.fr/wp-json/wp/v2/posts/1110.json]
[bocagesaintlouis.fr/reponses-au-quiz-sur-paris/feed/index.html]
[bocagesaintlouis.fr/wp-json/oembed/1.0/embed5ba9.json]
[bocagesaintlouis.fr/reponses-au-quiz-sur-paris/index.html]
[bocagesaintlouis.fr/wp-json/oembed/1.0/embed7554]
[bocagesaintlouis.fr/wp-json/wp/v2/posts/1107.json]
[bocagesaintlouis.fr/menu-special-paris/feed/index.html]
[bocagesaintlouis.fr/wp-json/oembed/1.0/embedba18.json]
[bocagesaintlouis.fr/menu-special-paris/index.html]
[bocagesaintlouis.fr/wp-json/oembed/1.0/embed8fad]
[bocagesaintlouis.fr/wp-content/uploads/2013/10/les-chats-noirs.jpg]
[bocagesaintlouis.fr/wp-json/wp/v2/posts/1101.json]
[bocagesaintlouis.fr/les-chats-noirs/feed/index.html]
[bocagesaintlouis.fr/wp-json/oembed/1.0/embed3372.json]
[bocagesaintlouis.fr/wp-json/oembed/1.0/embed0fc7]
[www.bocagesaintlouis.fr/wp-content/uploads/2013/10/les-chats-noirs-1024x724.jpg]
[bocagesaintlouis.fr/les-chats-noirs/index.html]
[bocagesaintlouis.fr/wp-json/wp/v2/posts/1089.json]
[bocagesaintlouis.fr/le-mot-du-directeur/feed/index.html]
[bocagesaintlouis.fr/wp-json/oembed/1.0/embed06c8.json]
[bocagesaintlouis.fr/le-mot-du-directeur/index.html]
[bocagesaintlouis.fr/wp-json/oembed/1.0/embed3fdd]
[bocagesaintlouis.fr/wp-content/uploads/2013/02/Président-Copropriété-128x128.jpeg]
[bocagesaintlouis.fr/les-nouvelles/page/5/index.html]
[bocagesaintlouis.fr/le-mot-du-president-de-copropriete/index.html]
[bocagesaintlouis.fr/author/galydia/page/5/index.html]
[bocagesaintlouis.fr/category/bocage/page/4/index.html]
[bocagesaintlouis.fr/index90f2.html]
[bocagesaintlouis.fr/category/slide/index.html]
[bocagesaintlouis.fr/journee-portes-ouvertes/index.html]
[bocagesaintlouis.fr/wp-content/uploads/2014/10/GEDC4150.jpg]
[bocagesaintlouis.fr/wp-json/wp/v2/media/1201.json]
[bocagesaintlouis.fr/voeux-de-monsieur-le-maire/ge-digital-camera/feed/index.html]
[bocagesaintlouis.fr/wp-json/oembed/1.0/embed4fb4.json]
[bocagesaintlouis.fr/wp-json/oembed/1.0/embedac0a]
[bocagesaintlouis.fr/wp-content/uploads/2014/10/DSC07686.jpg]
[bocagesaintlouis.fr/wp-content/uploads/2014/10/GEDC4152.jpg]
[bocagesaintlouis.fr/voeux-de-monsieur-le-maire/ge-digital-camera/index.html]
[bocagesaintlouis.fr/wp-json/wp/v2/media/1202.json]
[bocagesaintlouis.fr/wp-json/oembed/1.0/embed4818.json]
[bocagesaintlouis.fr/wp-json/oembed/1.0/embede11b]
[bocagesaintlouis.fr/voeux-de-monsieur-le-maire/ge-digital-camera-2/feed/index.html]
[bocagesaintlouis.fr/wp-content/uploads/2014/10/GEDC4153.jpg]
[bocagesaintlouis.fr/voeux-de-monsieur-le-maire/ge-digital-camera-2/index.html]
[bocagesaintlouis.fr/wp-json/wp/v2/media/1203.json]
[bocagesaintlouis.fr/wp-json/oembed/1.0/embed7e3f.json]
[bocagesaintlouis.fr/voeux-de-monsieur-le-maire/ge-digital-camera-3/feed/index.html]
[bocagesaintlouis.fr/wp-json/oembed/1.0/embed77e4]
[bocagesaintlouis.fr/wp-content/uploads/2014/10/GEDC4154.jpg]
[bocagesaintlouis.fr/voeux-de-monsieur-le-maire/ge-digital-camera-3/index.html]
[bocagesaintlouis.fr/wp-content/uploads/2014/10/GEDC4163.jpg]
[bocagesaintlouis.fr/wp-json/wp/v2/media/1206.json]
[bocagesaintlouis.fr/wp-json/oembed/1.0/embed98cd.json]
[bocagesaintlouis.fr/wp-json/oembed/1.0/embed11bd]
[bocagesaintlouis.fr/wp-content/uploads/2014/10/GEDC4162.jpg]
[bocagesaintlouis.fr/voeux-de-monsieur-le-maire/ge-digital-camera-6/index.html]
[bocagesaintlouis.fr/voeux-de-monsieur-le-maire/ge-digital-camera-6/feed/index.html]
[bocagesaintlouis.fr/wp-json/wp/v2/media/1205.json]
[bocagesaintlouis.fr/voeux-de-monsieur-le-maire/ge-digital-camera-5/feed/index.html]
[bocagesaintlouis.fr/wp-json/oembed/1.0/embed30f8.json]
[bocagesaintlouis.fr/voeux-de-monsieur-le-maire/ge-digital-camera-5/index.html]
[bocagesaintlouis.fr/wp-json/oembed/1.0/embed2580]
[bocagesaintlouis.fr/wp-json/wp/v2/media/1204.json]
[bocagesaintlouis.fr/wp-json/oembed/1.0/embed405a.json]
[bocagesaintlouis.fr/voeux-de-monsieur-le-maire/ge-digital-camera-4/feed/index.html]
[bocagesaintlouis.fr/voeux-de-monsieur-le-maire/ge-digital-camera-4/index.html]
[bocagesaintlouis.fr/wp-json/oembed/1.0/embedb075]
[bocagesaintlouis.fr/wp-content/uploads/2014/10/DSC07685.jpg]
[bocagesaintlouis.fr/wp-json/wp/v2/media/1199.json]
[bocagesaintlouis.fr/wp-json/oembed/1.0/embedc9b9.json]
[bocagesaintlouis.fr/voeux-de-monsieur-le-maire/dsc07685/feed/index.html]
[bocagesaintlouis.fr/voeux-de-monsieur-le-maire/dsc07685/index.html]
[bocagesaintlouis.fr/wp-json/oembed/1.0/embedd1d7]
[bocagesaintlouis.fr/wp-json/wp/v2/media/1200.json]
[bocagesaintlouis.fr/voeux-de-monsieur-le-maire/dsc07686/feed/index.html]
[bocagesaintlouis.fr/wp-json/oembed/1.0/embedc9e5.json]
[bocagesaintlouis.fr/voeux-de-monsieur-le-maire/dsc07686/index.html]
[bocagesaintlouis.fr/index576e.html]
[bocagesaintlouis.fr/index1efb.html]
[bocagesaintlouis.fr/indexc3cc.html]
[bocagesaintlouis.fr/index3e52.html]
[bocagesaintlouis.fr/index0314.html]
[bocagesaintlouis.fr/indexf8dc.html]
[bocagesaintlouis.fr/wp-json/oembed/1.0/embed01a6]
[bocagesaintlouis.fr/wp-content/uploads/2013/02/Président-Copropriété.jpeg]
[bocagesaintlouis.fr/le-mot-du-president-de-copropriete/feed/index.html]
[bocagesaintlouis.fr/wp-json/wp/v2/posts/1004.json]
[bocagesaintlouis.fr/wp-json/oembed/1.0/embed348c.json]
[bocagesaintlouis.fr/wp-json/oembed/1.0/embed18d1]
[bocagesaintlouis.fr/wp-content/uploads/2013/02/Président-Copropriété-300x225.jpeg]
[bocagesaintlouis.fr/le-mot-du-president-de-copropriete/index.html]
[bocagesaintlouis.fr/wp-content/uploads/2013/02/Président-Copropriété-128x128.html]
[bocagesaintlouis.fr/category/slide/index.html]
[bocagesaintlouis.fr/wp-json/wp/v2/categories/6.json]
[bocagesaintlouis.fr/category/slide/feed/index.html]
[bocagesaintlouis.fr/journee-portes-ouvertes/feed/index.html]
[bocagesaintlouis.fr/wp-json/wp/v2/posts/972.json]
[bocagesaintlouis.fr/wp-json/oembed/1.0/embed3b71.json]
[bocagesaintlouis.fr/journee-portes-ouvertes/index.html]
[bocagesaintlouis.fr/index5df1.html]
[bocagesaintlouis.fr/indexd230.html]
[bocagesaintlouis.fr/indexb849.html]
[bocagesaintlouis.fr/index44fe.html]
[bocagesaintlouis.fr/indexdf16.html]
[bocagesaintlouis.fr/index9d31.html]
[bocagesaintlouis.fr/indexa4b1.html]
[bocagesaintlouis.fr/index6d80.html]
[bocagesaintlouis.fr/wp-content/uploads/2013/02/Président-Copropriété.html]
[bocagesaintlouis.fr/index0566.html]
[bocagesaintlouis.fr/wp-content/uploads/2013/02/Président-Copropriété-300x225.html]
[bocagesaintlouis.fr/indexf843.html]
[bocagesaintlouis.fr/wp-json/oembed/1.0/embedba2a]
